main.c:106:6:HAL_TIM_IC_CaptureCallback	32	static
main.c:157:6:HAL_TIM_PeriodElapsedCallback	16	static
main.c:196:6:start_finish_connection	8	static
main.c:217:6:display_pwm_information	24	static
main.c:228:6:rises_to_char	32	static
main.c:238:6:delay	16	static
main.c:250:6:output	24	static
main.c:261:5:main	8	static
main.c:335:6:SystemClock_Config	96	static
main.c:376:13:MX_TIM1_Init	96	static
main.c:447:13:MX_TIM3_Init	48	static
main.c:505:13:MX_TIM16_Init	8	static
main.c:535:13:MX_USART1_UART_Init	8	static
main.c:568:13:MX_GPIO_Init	48	static
main.c:595:6:Error_Handler	8	static,ignoring_inline_asm
