main.c:94:6:delay	16	static
main.c:108:6:output	16	static
main.c:131:6:HAL_TIM_IC_CaptureCallback	32	static
main.c:175:6:HAL_TIM_PeriodElapsedCallback	16	static
main.c:238:6:display_pwm_information	24	static
main.c:258:6:rises_to_char	32	static
main.c:274:6:connect	8	static
main.c:300:6:send_value_pwm	24	static
main.c:314:6:togglepin	16	static
main.c:342:5:main	8	static
main.c:412:6:SystemClock_Config	96	static
main.c:453:13:MX_TIM1_Init	96	static
main.c:524:13:MX_TIM3_Init	48	static
main.c:582:13:MX_TIM16_Init	8	static
main.c:612:13:MX_USART1_UART_Init	8	static
main.c:645:13:MX_GPIO_Init	48	static
main.c:672:6:Error_Handler	8	static,ignoring_inline_asm
