Archive member included to satisfy reference by file (symbol)

c:/st/stm32cubeide_1.8.0/stm32cubeide/plugins/com.st.stm32cube.ide.mcu.externaltools.gnu-tools-for-stm32.9-2020-q2-update.win32_2.0.0.202105311346/tools/bin/../lib/gcc/arm-none-eabi/9.3.1/../../../../arm-none-eabi/lib/thumb/v6-m/nofp\libc_nano.a(lib_a-errno.o)
                              ./Core/Src/syscalls.o (__errno)
c:/st/stm32cubeide_1.8.0/stm32cubeide/plugins/com.st.stm32cube.ide.mcu.externaltools.gnu-tools-for-stm32.9-2020-q2-update.win32_2.0.0.202105311346/tools/bin/../lib/gcc/arm-none-eabi/9.3.1/../../../../arm-none-eabi/lib/thumb/v6-m/nofp\libc_nano.a(lib_a-exit.o)
                              c:/st/stm32cubeide_1.8.0/stm32cubeide/plugins/com.st.stm32cube.ide.mcu.externaltools.gnu-tools-for-stm32.9-2020-q2-update.win32_2.0.0.202105311346/tools/bin/../lib/gcc/arm-none-eabi/9.3.1/../../../../arm-none-eabi/lib/thumb/v6-m/nofp/crt0.o (exit)
c:/st/stm32cubeide_1.8.0/stm32cubeide/plugins/com.st.stm32cube.ide.mcu.externaltools.gnu-tools-for-stm32.9-2020-q2-update.win32_2.0.0.202105311346/tools/bin/../lib/gcc/arm-none-eabi/9.3.1/../../../../arm-none-eabi/lib/thumb/v6-m/nofp\libc_nano.a(lib_a-impure.o)
                              c:/st/stm32cubeide_1.8.0/stm32cubeide/plugins/com.st.stm32cube.ide.mcu.externaltools.gnu-tools-for-stm32.9-2020-q2-update.win32_2.0.0.202105311346/tools/bin/../lib/gcc/arm-none-eabi/9.3.1/../../../../arm-none-eabi/lib/thumb/v6-m/nofp\libc_nano.a(lib_a-exit.o) (_global_impure_ptr)
c:/st/stm32cubeide_1.8.0/stm32cubeide/plugins/com.st.stm32cube.ide.mcu.externaltools.gnu-tools-for-stm32.9-2020-q2-update.win32_2.0.0.202105311346/tools/bin/../lib/gcc/arm-none-eabi/9.3.1/../../../../arm-none-eabi/lib/thumb/v6-m/nofp\libc_nano.a(lib_a-init.o)
                              c:/st/stm32cubeide_1.8.0/stm32cubeide/plugins/com.st.stm32cube.ide.mcu.externaltools.gnu-tools-for-stm32.9-2020-q2-update.win32_2.0.0.202105311346/tools/bin/../lib/gcc/arm-none-eabi/9.3.1/../../../../arm-none-eabi/lib/thumb/v6-m/nofp/crt0.o (__libc_init_array)
c:/st/stm32cubeide_1.8.0/stm32cubeide/plugins/com.st.stm32cube.ide.mcu.externaltools.gnu-tools-for-stm32.9-2020-q2-update.win32_2.0.0.202105311346/tools/bin/../lib/gcc/arm-none-eabi/9.3.1/../../../../arm-none-eabi/lib/thumb/v6-m/nofp\libc_nano.a(lib_a-memset.o)
                              c:/st/stm32cubeide_1.8.0/stm32cubeide/plugins/com.st.stm32cube.ide.mcu.externaltools.gnu-tools-for-stm32.9-2020-q2-update.win32_2.0.0.202105311346/tools/bin/../lib/gcc/arm-none-eabi/9.3.1/../../../../arm-none-eabi/lib/thumb/v6-m/nofp/crt0.o (memset)
c:/st/stm32cubeide_1.8.0/stm32cubeide/plugins/com.st.stm32cube.ide.mcu.externaltools.gnu-tools-for-stm32.9-2020-q2-update.win32_2.0.0.202105311346/tools/bin/../lib/gcc/arm-none-eabi/9.3.1/../../../../arm-none-eabi/lib/thumb/v6-m/nofp\libc_nano.a(lib_a-strlen.o)
                              ./Core/Src/main.o (strlen)
c:/st/stm32cubeide_1.8.0/stm32cubeide/plugins/com.st.stm32cube.ide.mcu.externaltools.gnu-tools-for-stm32.9-2020-q2-update.win32_2.0.0.202105311346/tools/bin/../lib/gcc/arm-none-eabi/9.3.1/thumb/v6-m/nofp\libgcc.a(_udivsi3.o)
                              ./Core/Src/system_stm32f0xx.o (__aeabi_uidiv)
c:/st/stm32cubeide_1.8.0/stm32cubeide/plugins/com.st.stm32cube.ide.mcu.externaltools.gnu-tools-for-stm32.9-2020-q2-update.win32_2.0.0.202105311346/tools/bin/../lib/gcc/arm-none-eabi/9.3.1/thumb/v6-m/nofp\libgcc.a(_dvmd_tls.o)
                              c:/st/stm32cubeide_1.8.0/stm32cubeide/plugins/com.st.stm32cube.ide.mcu.externaltools.gnu-tools-for-stm32.9-2020-q2-update.win32_2.0.0.202105311346/tools/bin/../lib/gcc/arm-none-eabi/9.3.1/thumb/v6-m/nofp\libgcc.a(_udivsi3.o) (__aeabi_idiv0)

Allocating common symbols
Common symbol       size              file

condition           0x2c              ./Core/Src/main.o
uwTick              0x4               ./Drivers/STM32F0xx_HAL_Driver/Src/stm32f0xx_hal.o
pFlash              0x20              ./Drivers/STM32F0xx_HAL_Driver/Src/stm32f0xx_hal_flash.o
htim3               0x48              ./Core/Src/main.o
huart1              0x84              ./Core/Src/main.o
htim1               0x48              ./Core/Src/main.o
htim16              0x48              ./Core/Src/main.o

Discarded input sections

 .text          0x0000000000000000        0x0 c:/st/stm32cubeide_1.8.0/stm32cubeide/plugins/com.st.stm32cube.ide.mcu.externaltools.gnu-tools-for-stm32.9-2020-q2-update.win32_2.0.0.202105311346/tools/bin/../lib/gcc/arm-none-eabi/9.3.1/thumb/v6-m/nofp/crti.o
 .data          0x0000000000000000        0x0 c:/st/stm32cubeide_1.8.0/stm32cubeide/plugins/com.st.stm32cube.ide.mcu.externaltools.gnu-tools-for-stm32.9-2020-q2-update.win32_2.0.0.202105311346/tools/bin/../lib/gcc/arm-none-eabi/9.3.1/thumb/v6-m/nofp/crti.o
[...]
Memory Configuration

Name             Origin             Length             Attributes
RAM              0x0000000020000000 0x0000000000001000 xrw
FLASH            0x0000000008000000 0x0000000000008000 xr
*default*        0x0000000000000000 0xffffffffffffffff

Linker script and memory map

LOAD c:/st/stm32cubeide_1.8.0/stm32cubeide/plugins/com.st.stm32cube.ide.mcu.externaltools.gnu-tools-for-stm32.9-2020-q2-update.win32_2.0.0.202105311346/tools/bin/../lib/gcc/arm-none-eabi/9.3.1/thumb/v6-m/nofp/crti.o
LOAD c:/st/stm32cubeide_1.8.0/stm32cubeide/plugins/com.st.stm32cube.ide.mcu.externaltools.gnu-tools-for-stm32.9-2020-q2-update.win32_2.0.0.202105311346/tools/bin/../lib/gcc/arm-none-eabi/9.3.1/thumb/v6-m/nofp/crtbegin.o
LOAD c:/st/stm32cubeide_1.8.0/stm32cubeide/plugins/com.st.stm32cube.ide.mcu.externaltools.gnu-tools-for-stm32.9-2020-q2-update.win32_2.0.0.202105311346/tools/bin/../lib/gcc/arm-none-eabi/9.3.1/../../../../arm-none-eabi/lib/thumb/v6-m/nofp/crt0.o
LOAD ./Core/Src/main.o
LOAD ./Core/Src/stm32f0xx_hal_msp.o
LOAD ./Core/Src/stm32f0xx_it.o
LOAD ./Core/Src/syscalls.o
LOAD ./Core/Src/sysmem.o
LOAD ./Core/Src/system_stm32f0xx.o
LOAD ./Core/Startup/startup_stm32f030k6tx.o
LOAD ./Drivers/STM32F0xx_HAL_Driver/Src/stm32f0xx_hal.o
LOAD ./Drivers/STM32F0xx_HAL_Driver/Src/stm32f0xx_hal_cortex.o
LOAD ./Drivers/STM32F0xx_HAL_Driver/Src/stm32f0xx_hal_dma.o
LOAD ./Drivers/STM32F0xx_HAL_Driver/Src/stm32f0xx_hal_exti.o
LOAD ./Drivers/STM32F0xx_HAL_Driver/Src/stm32f0xx_hal_flash.o
LOAD ./Drivers/STM32F0xx_HAL_Driver/Src/stm32f0xx_hal_flash_ex.o
LOAD ./Drivers/STM32F0xx_HAL_Driver/Src/stm32f0xx_hal_gpio.o
LOAD ./Drivers/STM32F0xx_HAL_Driver/Src/stm32f0xx_hal_i2c.o
LOAD ./Drivers/STM32F0xx_HAL_Driver/Src/stm32f0xx_hal_i2c_ex.o
LOAD ./Drivers/STM32F0xx_HAL_Driver/Src/stm32f0xx_hal_pwr.o
LOAD ./Drivers/STM32F0xx_HAL_Driver/Src/stm32f0xx_hal_pwr_ex.o
LOAD ./Drivers/STM32F0xx_HAL_Driver/Src/stm32f0xx_hal_rcc.o
LOAD ./Drivers/STM32F0xx_HAL_Driver/Src/stm32f0xx_hal_rcc_ex.o
LOAD ./Drivers/STM32F0xx_HAL_Driver/Src/stm32f0xx_hal_tim.o
LOAD ./Drivers/STM32F0xx_HAL_Driver/Src/stm32f0xx_hal_tim_ex.o
LOAD ./Drivers/STM32F0xx_HAL_Driver/Src/stm32f0xx_hal_uart.o
LOAD ./Drivers/STM32F0xx_HAL_Driver/Src/stm32f0xx_hal_uart_ex.o
START GROUP
LOAD c:/st/stm32cubeide_1.8.0/stm32cubeide/plugins/com.st.stm32cube.ide.mcu.externaltools.gnu-tools-for-stm32.9-2020-q2-update.win32_2.0.0.202105311346/tools/bin/../lib/gcc/arm-none-eabi/9.3.1/../../../../arm-none-eabi/lib/thumb/v6-m/nofp\libc_nano.a
LOAD c:/st/stm32cubeide_1.8.0/stm32cubeide/plugins/com.st.stm32cube.ide.mcu.externaltools.gnu-tools-for-stm32.9-2020-q2-update.win32_2.0.0.202105311346/tools/bin/../lib/gcc/arm-none-eabi/9.3.1/../../../../arm-none-eabi/lib/thumb/v6-m/nofp\libm.a
END GROUP
START GROUP
LOAD c:/st/stm32cubeide_1.8.0/stm32cubeide/plugins/com.st.stm32cube.ide.mcu.externaltools.gnu-tools-for-stm32.9-2020-q2-update.win32_2.0.0.202105311346/tools/bin/../lib/gcc/arm-none-eabi/9.3.1/thumb/v6-m/nofp\libgcc.a
LOAD c:/st/stm32cubeide_1.8.0/stm32cubeide/plugins/com.st.stm32cube.ide.mcu.externaltools.gnu-tools-for-stm32.9-2020-q2-update.win32_2.0.0.202105311346/tools/bin/../lib/gcc/arm-none-eabi/9.3.1/../../../../arm-none-eabi/lib/thumb/v6-m/nofp\libc_nano.a
END GROUP
START GROUP
LOAD c:/st/stm32cubeide_1.8.0/stm32cubeide/plugins/com.st.stm32cube.ide.mcu.externaltools.gnu-tools-for-stm32.9-2020-q2-update.win32_2.0.0.202105311346/tools/bin/../lib/gcc/arm-none-eabi/9.3.1/thumb/v6-m/nofp\libgcc.a
LOAD c:/st/stm32cubeide_1.8.0/stm32cubeide/plugins/com.st.stm32cube.ide.mcu.externaltools.gnu-tools-for-stm32.9-2020-q2-update.win32_2.0.0.202105311346/tools/bin/../lib/gcc/arm-none-eabi/9.3.1/../../../../arm-none-eabi/lib/thumb/v6-m/nofp\libc_nano.a
LOAD c:/st/stm32cubeide_1.8.0/stm32cubeide/plugins/com.st.stm32cube.ide.mcu.externaltools.gnu-tools-for-stm32.9-2020-q2-update.win32_2.0.0.202105311346/tools/bin/../lib/gcc/arm-none-eabi/9.3.1/../../../../arm-none-eabi/lib/thumb/v6-m/nofp\libnosys.a
END GROUP
START GROUP
LOAD c:/st/stm32cubeide_1.8.0/stm32cubeide/plugins/com.st.stm32cube.ide.mcu.externaltools.gnu-tools-for-stm32.9-2020-q2-update.win32_2.0.0.202105311346/tools/bin/../lib/gcc/arm-none-eabi/9.3.1/thumb/v6-m/nofp\libgcc.a
LOAD c:/st/stm32cubeide_1.8.0/stm32cubeide/plugins/com.st.stm32cube.ide.mcu.externaltools.gnu-tools-for-stm32.9-2020-q2-update.win32_2.0.0.202105311346/tools/bin/../lib/gcc/arm-none-eabi/9.3.1/../../../../arm-none-eabi/lib/thumb/v6-m/nofp\libc_nano.a
LOAD c:/st/stm32cubeide_1.8.0/stm32cubeide/plugins/com.st.stm32cube.ide.mcu.externaltools.gnu-tools-for-stm32.9-2020-q2-update.win32_2.0.0.202105311346/tools/bin/../lib/gcc/arm-none-eabi/9.3.1/../../../../arm-none-eabi/lib/thumb/v6-m/nofp\libnosys.a
END GROUP
LOAD c:/st/stm32cubeide_1.8.0/stm32cubeide/plugins/com.st.stm32cube.ide.mcu.externaltools.gnu-tools-for-stm32.9-2020-q2-update.win32_2.0.0.202105311346/tools/bin/../lib/gcc/arm-none-eabi/9.3.1/thumb/v6-m/nofp/crtend.o
LOAD c:/st/stm32cubeide_1.8.0/stm32cubeide/plugins/com.st.stm32cube.ide.mcu.externaltools.gnu-tools-for-stm32.9-2020-q2-update.win32_2.0.0.202105311346/tools/bin/../lib/gcc/arm-none-eabi/9.3.1/thumb/v6-m/nofp/crtn.o
                0x0000000020001000                _estack = (ORIGIN (RAM) + LENGTH (RAM))
                0x0000000000000200                _Min_Heap_Size = 0x200
                0x0000000000000400                _Min_Stack_Size = 0x400

.isr_vector     0x0000000008000000       0xc0
                0x0000000008000000                . = ALIGN (0x4)
 *(.isr_vector)
 .isr_vector    0x0000000008000000       0xc0 ./Core/Startup/startup_stm32f030k6tx.o
                0x0000000008000000                g_pfnVectors
                0x00000000080000c0                . = ALIGN (0x4)

.text           0x00000000080000c0     0x3a9c
                0x00000000080000c0                . = ALIGN (0x4)
 *(.text)
 .text          0x00000000080000c0       0x48 c:/st/stm32cubeide_1.8.0/stm32cubeide/plugins/com.st.stm32cube.ide.mcu.externaltools.gnu-tools-for-stm32.9-2020-q2-update.win32_2.0.0.202105311346/tools/bin/../lib/gcc/arm-none-eabi/9.3.1/thumb/v6-m/nofp/crtbegin.o
 .text          0x0000000008000108        0xe c:/st/stm32cubeide_1.8.0/stm32cubeide/plugins/com.st.stm32cube.ide.mcu.externaltools.gnu-tools-for-stm32.9-2020-q2-update.win32_2.0.0.202105311346/tools/bin/../lib/gcc/arm-none-eabi/9.3.1/../../../../arm-none-eabi/lib/thumb/v6-m/nofp\libc_nano.a(lib_a-strlen.o)
                0x0000000008000108                strlen
 *fill*         0x0000000008000116        0x2 
 .text          0x0000000008000118      0x114 c:/st/stm32cubeide_1.8.0/stm32cubeide/plugins/com.st.stm32cube.ide.mcu.externaltools.gnu-tools-for-stm32.9-2020-q2-update.win32_2.0.0.202105311346/tools/bin/../lib/gcc/arm-none-eabi/9.3.1/thumb/v6-m/nofp\libgcc.a(_udivsi3.o)
                0x0000000008000118                __aeabi_uidiv
                0x0000000008000118                __udivsi3
                0x0000000008000224                __aeabi_uidivmod
 .text          0x000000000800022c        0x4 c:/st/stm32cubeide_1.8.0/stm32cubeide/plugins/com.st.stm32cube.ide.mcu.externaltools.gnu-tools-for-stm32.9-2020-q2-update.win32_2.0.0.202105311346/tools/bin/../lib/gcc/arm-none-eabi/9.3.1/thumb/v6-m/nofp\libgcc.a(_dvmd_tls.o)
                0x000000000800022c                __aeabi_idiv0
                0x000000000800022c                __aeabi_ldiv0
 *(.text*)
 .text.HAL_TIM_IC_CaptureCallback
                0x0000000008000230       0xbc ./Core/Src/main.o
                0x0000000008000230                HAL_TIM_IC_CaptureCallback
 .text.HAL_TIM_PeriodElapsedCallback
                0x00000000080002ec       0xc8 ./Core/Src/main.o
                0x00000000080002ec                HAL_TIM_PeriodElapsedCallback
 .text.start_finish_connection
                0x00000000080003b4       0x54 ./Core/Src/main.o
                0x00000000080003b4                start_finish_connection
 .text.display_pwm_information
                0x0000000008000408       0x4c ./Core/Src/main.o
                0x0000000008000408                display_pwm_information
 .text.rises_to_char
                0x0000000008000454       0x6c ./Core/Src/main.o
                0x0000000008000454                rises_to_char
 .text.delay    0x00000000080004c0       0x40 ./Core/Src/main.o
                0x00000000080004c0                delay
 .text.output   0x0000000008000500       0x30 ./Core/Src/main.o
                0x0000000008000500                output
 .text.main     0x0000000008000530       0x80 ./Core/Src/main.o
                0x0000000008000530                main
 .text.SystemClock_Config
                0x00000000080005b0       0xc2 ./Core/Src/main.o
                0x00000000080005b0                SystemClock_Config
 *fill*         0x0000000008000672        0x2 
 .text.MX_TIM1_Init
                0x0000000008000674      0x168 ./Core/Src/main.o
 .text.MX_TIM3_Init
                0x00000000080007dc      0x118 ./Core/Src/main.o
 .text.MX_TIM16_Init
                0x00000000080008f4       0x50 ./Core/Src/main.o
 .text.MX_USART1_UART_Init
                0x0000000008000944       0x60 ./Core/Src/main.o
 .text.MX_GPIO_Init
                0x00000000080009a4       0x90 ./Core/Src/main.o
 .text.Error_Handler
                0x0000000008000a34        0xa ./Core/Src/main.o
                0x0000000008000a34                Error_Handler
 *fill*         0x0000000008000a3e        0x2 
 .text.HAL_MspInit
                0x0000000008000a40       0x48 ./Core/Src/stm32f0xx_hal_msp.o
                0x0000000008000a40                HAL_MspInit
 .text.HAL_TIM_Base_MspInit
                0x0000000008000a88      0x110 ./Core/Src/stm32f0xx_hal_msp.o
                0x0000000008000a88                HAL_TIM_Base_MspInit
 .text.HAL_TIM_MspPostInit
                0x0000000008000b98       0x80 ./Core/Src/stm32f0xx_hal_msp.o
                0x0000000008000b98                HAL_TIM_MspPostInit
 .text.HAL_UART_MspInit
                0x0000000008000c18       0x98 ./Core/Src/stm32f0xx_hal_msp.o
                0x0000000008000c18                HAL_UART_MspInit
 .text.NMI_Handler
                0x0000000008000cb0        0x6 ./Core/Src/stm32f0xx_it.o
                0x0000000008000cb0                NMI_Handler
 .text.HardFault_Handler
                0x0000000008000cb6        0x6 ./Core/Src/stm32f0xx_it.o
                0x0000000008000cb6                HardFault_Handler
 .text.SVC_Handler
                0x0000000008000cbc        0xa ./Core/Src/stm32f0xx_it.o
                0x0000000008000cbc                SVC_Handler
 .text.PendSV_Handler
                0x0000000008000cc6        0xa ./Core/Src/stm32f0xx_it.o
                0x0000000008000cc6                PendSV_Handler
 .text.SysTick_Handler
                0x0000000008000cd0        0xe ./Core/Src/stm32f0xx_it.o
                0x0000000008000cd0                SysTick_Handler
 *fill*         0x0000000008000cde        0x2 
 .text.TIM1_CC_IRQHandler
                0x0000000008000ce0       0x18 ./Core/Src/stm32f0xx_it.o
                0x0000000008000ce0                TIM1_CC_IRQHandler
 .text.TIM3_IRQHandler
                0x0000000008000cf8       0x18 ./Core/Src/stm32f0xx_it.o
                0x0000000008000cf8                TIM3_IRQHandler
 .text.SystemInit
                0x0000000008000d10        0xa ./Core/Src/system_stm32f0xx.o
                0x0000000008000d10                SystemInit
 *fill*         0x0000000008000d1a        0x2 
 .text.Reset_Handler
                0x0000000008000d1c       0x50 ./Core/Startup/startup_stm32f030k6tx.o
                0x0000000008000d1c                Reset_Handler
 .text.Default_Handler
                0x0000000008000d6c        0x2 ./Core/Startup/startup_stm32f030k6tx.o
                0x0000000008000d6c                I2C1_IRQHandler
                0x0000000008000d6c                SPI1_IRQHandler
                0x0000000008000d6c                EXTI2_3_IRQHandler
                0x0000000008000d6c                ADC1_IRQHandler
                0x0000000008000d6c                TIM17_IRQHandler
                0x0000000008000d6c                RTC_IRQHandler
                0x0000000008000d6c                TIM16_IRQHandler
                0x0000000008000d6c                EXTI4_15_IRQHandler
                0x0000000008000d6c                RCC_IRQHandler
                0x0000000008000d6c                DMA1_Channel1_IRQHandler
                0x0000000008000d6c                Default_Handler
                0x0000000008000d6c                TIM14_IRQHandler
                0x0000000008000d6c                DMA1_Channel4_5_IRQHandler
                0x0000000008000d6c                EXTI0_1_IRQHandler
                0x0000000008000d6c                WWDG_IRQHandler
                0x0000000008000d6c                DMA1_Channel2_3_IRQHandler
                0x0000000008000d6c                FLASH_IRQHandler
                0x0000000008000d6c                USART1_IRQHandler
                0x0000000008000d6c                TIM1_BRK_UP_TRG_COM_IRQHandler
 *fill*         0x0000000008000d6e        0x2 
 .text.HAL_Init
                0x0000000008000d70       0x28 ./Drivers/STM32F0xx_HAL_Driver/Src/stm32f0xx_hal.o
                0x0000000008000d70                HAL_Init
 .text.HAL_InitTick
                0x0000000008000d98       0x68 ./Drivers/STM32F0xx_HAL_Driver/Src/stm32f0xx_hal.o
                0x0000000008000d98                HAL_InitTick
 .text.HAL_IncTick
                0x0000000008000e00       0x24 ./Drivers/STM32F0xx_HAL_Driver/Src/stm32f0xx_hal.o
                0x0000000008000e00                HAL_IncTick
 .text.HAL_GetTick
                0x0000000008000e24       0x14 ./Drivers/STM32F0xx_HAL_Driver/Src/stm32f0xx_hal.o
                0x0000000008000e24                HAL_GetTick
 .text.__NVIC_EnableIRQ
                0x0000000008000e38       0x34 ./Drivers/STM32F0xx_HAL_Driver/Src/stm32f0xx_hal_cortex.o
 .text.__NVIC_SetPriority
                0x0000000008000e6c       0xdc ./Drivers/STM32F0xx_HAL_Driver/Src/stm32f0xx_hal_cortex.o
 .text.SysTick_Config
                0x0000000008000f48       0x48 ./Drivers/STM32F0xx_HAL_Driver/Src/stm32f0xx_hal_cortex.o
 .text.HAL_NVIC_SetPriority
                0x0000000008000f90       0x2a ./Drivers/STM32F0xx_HAL_Driver/Src/stm32f0xx_hal_cortex.o
                0x0000000008000f90                HAL_NVIC_SetPriority
 .text.HAL_NVIC_EnableIRQ
                0x0000000008000fba       0x20 ./Drivers/STM32F0xx_HAL_Driver/Src/stm32f0xx_hal_cortex.o
                0x0000000008000fba                HAL_NVIC_EnableIRQ
 .text.HAL_SYSTICK_Config
                0x0000000008000fda       0x1a ./Drivers/STM32F0xx_HAL_Driver/Src/stm32f0xx_hal_cortex.o
                0x0000000008000fda                HAL_SYSTICK_Config
 .text.HAL_GPIO_Init
                0x0000000008000ff4      0x2e0 ./Drivers/STM32F0xx_HAL_Driver/Src/stm32f0xx_hal_gpio.o
                0x0000000008000ff4                HAL_GPIO_Init
 .text.HAL_GPIO_WritePin
                0x00000000080012d4       0x3a ./Drivers/STM32F0xx_HAL_Driver/Src/stm32f0xx_hal_gpio.o
                0x00000000080012d4                HAL_GPIO_WritePin
 *fill*         0x000000000800130e        0x2 
 .text.HAL_RCC_OscConfig
                0x0000000008001310      0x634 ./Drivers/STM32F0xx_HAL_Driver/Src/stm32f0xx_hal_rcc.o
                0x0000000008001310                HAL_RCC_OscConfig
 .text.HAL_RCC_ClockConfig
                0x0000000008001944      0x19c ./Drivers/STM32F0xx_HAL_Driver/Src/stm32f0xx_hal_rcc.o
                0x0000000008001944                HAL_RCC_ClockConfig
 .text.HAL_RCC_GetSysClockFreq
                0x0000000008001ae0       0xc8 ./Drivers/STM32F0xx_HAL_Driver/Src/stm32f0xx_hal_rcc.o
                0x0000000008001ae0                HAL_RCC_GetSysClockFreq
 .text.HAL_RCC_GetHCLKFreq
                0x0000000008001ba8       0x14 ./Drivers/STM32F0xx_HAL_Driver/Src/stm32f0xx_hal_rcc.o
                0x0000000008001ba8                HAL_RCC_GetHCLKFreq
 .text.HAL_RCC_GetPCLK1Freq
                0x0000000008001bbc       0x2c ./Drivers/STM32F0xx_HAL_Driver/Src/stm32f0xx_hal_rcc.o
                0x0000000008001bbc                HAL_RCC_GetPCLK1Freq
 .text.HAL_RCCEx_PeriphCLKConfig
                0x0000000008001be8      0x19c ./Drivers/STM32F0xx_HAL_Driver/Src/stm32f0xx_hal_rcc_ex.o
                0x0000000008001be8                HAL_RCCEx_PeriphCLKConfig
 .text.HAL_TIM_Base_Init
                0x0000000008001d84       0xa0 ./Drivers/STM32F0xx_HAL_Driver/Src/stm32f0xx_hal_tim.o
                0x0000000008001d84                HAL_TIM_Base_Init
 .text.HAL_TIM_Base_Start_IT
                0x0000000008001e24       0x8c ./Drivers/STM32F0xx_HAL_Driver/Src/stm32f0xx_hal_tim.o
                0x0000000008001e24                HAL_TIM_Base_Start_IT
 .text.HAL_TIM_PWM_Init
                0x0000000008001eb0       0xa0 ./Drivers/STM32F0xx_HAL_Driver/Src/stm32f0xx_hal_tim.o
                0x0000000008001eb0                HAL_TIM_PWM_Init
 .text.HAL_TIM_PWM_MspInit
                0x0000000008001f50       0x10 ./Drivers/STM32F0xx_HAL_Driver/Src/stm32f0xx_hal_tim.o
                0x0000000008001f50                HAL_TIM_PWM_MspInit
 .text.HAL_TIM_IC_Init
                0x0000000008001f60       0xa0 ./Drivers/STM32F0xx_HAL_Driver/Src/stm32f0xx_hal_tim.o
                0x0000000008001f60                HAL_TIM_IC_Init
 .text.HAL_TIM_IC_MspInit
                0x0000000008002000       0x10 ./Drivers/STM32F0xx_HAL_Driver/Src/stm32f0xx_hal_tim.o
                0x0000000008002000                HAL_TIM_IC_MspInit
 .text.HAL_TIM_IC_Start_IT
                0x0000000008002010      0x204 ./Drivers/STM32F0xx_HAL_Driver/Src/stm32f0xx_hal_tim.o
                0x0000000008002010                HAL_TIM_IC_Start_IT
 .text.HAL_TIM_IRQHandler
                0x0000000008002214      0x22c ./Drivers/STM32F0xx_HAL_Driver/Src/stm32f0xx_hal_tim.o
                0x0000000008002214                HAL_TIM_IRQHandler
 .text.HAL_TIM_IC_ConfigChannel
                0x0000000008002440      0x148 ./Drivers/STM32F0xx_HAL_Driver/Src/stm32f0xx_hal_tim.o
                0x0000000008002440                HAL_TIM_IC_ConfigChannel
 .text.HAL_TIM_PWM_ConfigChannel
                0x0000000008002588      0x18c ./Drivers/STM32F0xx_HAL_Driver/Src/stm32f0xx_hal_tim.o
                0x0000000008002588                HAL_TIM_PWM_ConfigChannel
 .text.HAL_TIM_ConfigClockSource
                0x0000000008002714      0x1a8 ./Drivers/STM32F0xx_HAL_Driver/Src/stm32f0xx_hal_tim.o
                0x0000000008002714                HAL_TIM_ConfigClockSource
 .text.HAL_TIM_ReadCapturedValue
                0x00000000080028bc       0x68 ./Drivers/STM32F0xx_HAL_Driver/Src/stm32f0xx_hal_tim.o
                0x00000000080028bc                HAL_TIM_ReadCapturedValue
 .text.HAL_TIM_OC_DelayElapsedCallback
                0x0000000008002924       0x10 ./Drivers/STM32F0xx_HAL_Driver/Src/stm32f0xx_hal_tim.o
                0x0000000008002924                HAL_TIM_OC_DelayElapsedCallback
 .text.HAL_TIM_PWM_PulseFinishedCallback
                0x0000000008002934       0x10 ./Drivers/STM32F0xx_HAL_Driver/Src/stm32f0xx_hal_tim.o
                0x0000000008002934                HAL_TIM_PWM_PulseFinishedCallback
 .text.HAL_TIM_TriggerCallback
                0x0000000008002944       0x10 ./Drivers/STM32F0xx_HAL_Driver/Src/stm32f0xx_hal_tim.o
                0x0000000008002944                HAL_TIM_TriggerCallback
 .text.TIM_Base_SetConfig
                0x0000000008002954       0xd8 ./Drivers/STM32F0xx_HAL_Driver/Src/stm32f0xx_hal_tim.o
                0x0000000008002954                TIM_Base_SetConfig
 .text.TIM_OC1_SetConfig
                0x0000000008002a2c       0xfc ./Drivers/STM32F0xx_HAL_Driver/Src/stm32f0xx_hal_tim.o
 .text.TIM_OC2_SetConfig
                0x0000000008002b28       0xfc ./Drivers/STM32F0xx_HAL_Driver/Src/stm32f0xx_hal_tim.o
                0x0000000008002b28                TIM_OC2_SetConfig
 .text.TIM_OC3_SetConfig
                0x0000000008002c24      0x100 ./Drivers/STM32F0xx_HAL_Driver/Src/stm32f0xx_hal_tim.o
 .text.TIM_OC4_SetConfig
                0x0000000008002d24       0xc8 ./Drivers/STM32F0xx_HAL_Driver/Src/stm32f0xx_hal_tim.o
 .text.TIM_TI1_SetConfig
                0x0000000008002dec       0xa4 ./Drivers/STM32F0xx_HAL_Driver/Src/stm32f0xx_hal_tim.o
                0x0000000008002dec                TIM_TI1_SetConfig
 .text.TIM_TI1_ConfigInputStage
                0x0000000008002e90       0x5c ./Drivers/STM32F0xx_HAL_Driver/Src/stm32f0xx_hal_tim.o
 .text.TIM_TI2_SetConfig
                0x0000000008002eec       0x84 ./Drivers/STM32F0xx_HAL_Driver/Src/stm32f0xx_hal_tim.o
 .text.TIM_TI2_ConfigInputStage
                0x0000000008002f70       0x64 ./Drivers/STM32F0xx_HAL_Driver/Src/stm32f0xx_hal_tim.o
 .text.TIM_TI3_SetConfig
                0x0000000008002fd4       0x80 ./Drivers/STM32F0xx_HAL_Driver/Src/stm32f0xx_hal_tim.o
 .text.TIM_TI4_SetConfig
                0x0000000008003054       0x8c ./Drivers/STM32F0xx_HAL_Driver/Src/stm32f0xx_hal_tim.o
 .text.TIM_ITRx_SetConfig
                0x00000000080030e0       0x32 ./Drivers/STM32F0xx_HAL_Driver/Src/stm32f0xx_hal_tim.o
 *fill*         0x0000000008003112        0x2 
 .text.TIM_ETR_SetConfig
                0x0000000008003114       0x40 ./Drivers/STM32F0xx_HAL_Driver/Src/stm32f0xx_hal_tim.o
                0x0000000008003114                TIM_ETR_SetConfig
 .text.TIM_CCxChannelCmd
                0x0000000008003154       0x46 ./Drivers/STM32F0xx_HAL_Driver/Src/stm32f0xx_hal_tim.o
                0x0000000008003154                TIM_CCxChannelCmd
 *fill*         0x000000000800319a        0x2 
 .text.HAL_TIMEx_MasterConfigSynchronization
                0x000000000800319c       0xa4 ./Drivers/STM32F0xx_HAL_Driver/Src/stm32f0xx_hal_tim_ex.o
                0x000000000800319c                HAL_TIMEx_MasterConfigSynchronization
 .text.HAL_TIMEx_ConfigBreakDeadTime
                0x0000000008003240       0xbc ./Drivers/STM32F0xx_HAL_Driver/Src/stm32f0xx_hal_tim_ex.o
                0x0000000008003240                HAL_TIMEx_ConfigBreakDeadTime
 .text.HAL_TIMEx_CommutCallback
                0x00000000080032fc       0x10 ./Drivers/STM32F0xx_HAL_Driver/Src/stm32f0xx_hal_tim_ex.o
                0x00000000080032fc                HAL_TIMEx_CommutCallback
 .text.HAL_TIMEx_BreakCallback
                0x000000000800330c       0x10 ./Drivers/STM32F0xx_HAL_Driver/Src/stm32f0xx_hal_tim_ex.o
                0x000000000800330c                HAL_TIMEx_BreakCallback
 .text.HAL_UART_Init
                0x000000000800331c       0xa8 ./Drivers/STM32F0xx_HAL_Driver/Src/stm32f0xx_hal_uart.o
                0x000000000800331c                HAL_UART_Init
 .text.HAL_UART_Transmit
                0x00000000080033c4      0x152 ./Drivers/STM32F0xx_HAL_Driver/Src/stm32f0xx_hal_uart.o
                0x00000000080033c4                HAL_UART_Transmit
 *fill*         0x0000000008003516        0x2 
 .text.UART_SetConfig
                0x0000000008003518      0x254 ./Drivers/STM32F0xx_HAL_Driver/Src/stm32f0xx_hal_uart.o
                0x0000000008003518                UART_SetConfig
 .text.UART_AdvFeatureConfig
                0x000000000800376c      0x168 ./Drivers/STM32F0xx_HAL_Driver/Src/stm32f0xx_hal_uart.o
                0x000000000800376c                UART_AdvFeatureConfig
 .text.UART_CheckIdleState
                0x00000000080038d4       0x90 ./Drivers/STM32F0xx_HAL_Driver/Src/stm32f0xx_hal_uart.o
                0x00000000080038d4                UART_CheckIdleState
 .text.UART_WaitOnFlagUntilTimeout
                0x0000000008003964      0x188 ./Drivers/STM32F0xx_HAL_Driver/Src/stm32f0xx_hal_uart.o
                0x0000000008003964                UART_WaitOnFlagUntilTimeout
 .text.__libc_init_array
                0x0000000008003aec       0x48 c:/st/stm32cubeide_1.8.0/stm32cubeide/plugins/com.st.stm32cube.ide.mcu.externaltools.gnu-tools-for-stm32.9-2020-q2-update.win32_2.0.0.202105311346/tools/bin/../lib/gcc/arm-none-eabi/9.3.1/../../../../arm-none-eabi/lib/thumb/v6-m/nofp\libc_nano.a(lib_a-init.o)
                0x0000000008003aec                __libc_init_array
 .text.memset   0x0000000008003b34       0x10 c:/st/stm32cubeide_1.8.0/stm32cubeide/plugins/com.st.stm32cube.ide.mcu.externaltools.gnu-tools-for-stm32.9-2020-q2-update.win32_2.0.0.202105311346/tools/bin/../lib/gcc/arm-none-eabi/9.3.1/../../../../arm-none-eabi/lib/thumb/v6-m/nofp\libc_nano.a(lib_a-memset.o)
                0x0000000008003b34                memset
 *(.glue_7)
 .glue_7        0x0000000008003b44        0x0 linker stubs
 *(.glue_7t)
 .glue_7t       0x0000000008003b44        0x0 linker stubs
 *(.eh_frame)
 .eh_frame      0x0000000008003b44        0x0 c:/st/stm32cubeide_1.8.0/stm32cubeide/plugins/com.st.stm32cube.ide.mcu.externaltools.gnu-tools-for-stm32.9-2020-q2-update.win32_2.0.0.202105311346/tools/bin/../lib/gcc/arm-none-eabi/9.3.1/thumb/v6-m/nofp/crtbegin.o
 *(.init)
 .init          0x0000000008003b44        0x4 c:/st/stm32cubeide_1.8.0/stm32cubeide/plugins/com.st.stm32cube.ide.mcu.externaltools.gnu-tools-for-stm32.9-2020-q2-update.win32_2.0.0.202105311346/tools/bin/../lib/gcc/arm-none-eabi/9.3.1/thumb/v6-m/nofp/crti.o
                0x0000000008003b44                _init
 .init          0x0000000008003b48        0x8 c:/st/stm32cubeide_1.8.0/stm32cubeide/plugins/com.st.stm32cube.ide.mcu.externaltools.gnu-tools-for-stm32.9-2020-q2-update.win32_2.0.0.202105311346/tools/bin/../lib/gcc/arm-none-eabi/9.3.1/thumb/v6-m/nofp/crtn.o
 *(.fini)
 .fini          0x0000000008003b50        0x4 c:/st/stm32cubeide_1.8.0/stm32cubeide/plugins/com.st.stm32cube.ide.mcu.externaltools.gnu-tools-for-stm32.9-2020-q2-update.win32_2.0.0.202105311346/tools/bin/../lib/gcc/arm-none-eabi/9.3.1/thumb/v6-m/nofp/crti.o
                0x0000000008003b50                _fini
 .fini          0x0000000008003b54        0x8 c:/st/stm32cubeide_1.8.0/stm32cubeide/plugins/com.st.stm32cube.ide.mcu.externaltools.gnu-tools-for-stm32.9-2020-q2-update.win32_2.0.0.202105311346/tools/bin/../lib/gcc/arm-none-eabi/9.3.1/thumb/v6-m/nofp/crtn.o
                0x0000000008003b5c                . = ALIGN (0x4)
                0x0000000008003b5c                _etext = .

.vfp11_veneer   0x0000000008003b5c        0x0
 .vfp11_veneer  0x0000000008003b5c        0x0 linker stubs

.v4_bx          0x0000000008003b5c        0x0
 .v4_bx         0x0000000008003b5c        0x0 linker stubs

.iplt           0x0000000008003b5c        0x0
 .iplt          0x0000000008003b5c        0x0 c:/st/stm32cubeide_1.8.0/stm32cubeide/plugins/com.st.stm32cube.ide.mcu.externaltools.gnu-tools-for-stm32.9-2020-q2-update.win32_2.0.0.202105311346/tools/bin/../lib/gcc/arm-none-eabi/9.3.1/thumb/v6-m/nofp/crtbegin.o

.rodata         0x0000000008003b5c       0x94
                0x0000000008003b5c                . = ALIGN (0x4)
 *(.rodata)
 .rodata        0x0000000008003b5c       0x59 ./Core/Src/main.o
 *fill*         0x0000000008003bb5        0x3 
 .rodata        0x0000000008003bb8       0x20 ./Drivers/STM32F0xx_HAL_Driver/Src/stm32f0xx_hal_rcc.o
 *(.rodata*)
 .rodata.AHBPrescTable
                0x0000000008003bd8       0x10 ./Core/Src/system_stm32f0xx.o
                0x0000000008003bd8                AHBPrescTable
 .rodata.APBPrescTable
                0x0000000008003be8        0x8 ./Core/Src/system_stm32f0xx.o
                0x0000000008003be8                APBPrescTable
                0x0000000008003bf0                . = ALIGN (0x4)

.rel.dyn        0x0000000008003bf0        0x0
 .rel.iplt      0x0000000008003bf0        0x0 c:/st/stm32cubeide_1.8.0/stm32cubeide/plugins/com.st.stm32cube.ide.mcu.externaltools.gnu-tools-for-stm32.9-2020-q2-update.win32_2.0.0.202105311346/tools/bin/../lib/gcc/arm-none-eabi/9.3.1/thumb/v6-m/nofp/crtbegin.o

.ARM.extab      0x0000000008003bf0        0x0
                0x0000000008003bf0                . = ALIGN (0x4)
 *(.ARM.extab* .gnu.linkonce.armextab.*)
                0x0000000008003bf0                . = ALIGN (0x4)

.ARM            0x0000000008003bf0        0x0
                0x0000000008003bf0                . = ALIGN (0x4)
                0x0000000008003bf0                __exidx_start = .
 *(.ARM.exidx*)
                0x0000000008003bf0                __exidx_end = .
                0x0000000008003bf0                . = ALIGN (0x4)

.preinit_array  0x0000000008003bf0        0x0
                0x0000000008003bf0                . = ALIGN (0x4)
                0x0000000008003bf0                PROVIDE (__preinit_array_start = .)
 *(.preinit_array*)
                0x0000000008003bf0                PROVIDE (__preinit_array_end = .)
                0x0000000008003bf0                . = ALIGN (0x4)

.init_array     0x0000000008003bf0        0x4
                0x0000000008003bf0                . = ALIGN (0x4)
                0x0000000008003bf0                PROVIDE (__init_array_start = .)
 *(SORT_BY_NAME(.init_array.*))
 *(.init_array*)
 .init_array    0x0000000008003bf0        0x4 c:/st/stm32cubeide_1.8.0/stm32cubeide/plugins/com.st.stm32cube.ide.mcu.externaltools.gnu-tools-for-stm32.9-2020-q2-update.win32_2.0.0.202105311346/tools/bin/../lib/gcc/arm-none-eabi/9.3.1/thumb/v6-m/nofp/crtbegin.o
                0x0000000008003bf4                PROVIDE (__init_array_end = .)
                0x0000000008003bf4                . = ALIGN (0x4)

.fini_array     0x0000000008003bf4        0x4
                0x0000000008003bf4                . = ALIGN (0x4)
                [!provide]                        PROVIDE (__fini_array_start = .)
 *(SORT_BY_NAME(.fini_array.*))
 *(.fini_array*)
 .fini_array    0x0000000008003bf4        0x4 c:/st/stm32cubeide_1.8.0/stm32cubeide/plugins/com.st.stm32cube.ide.mcu.externaltools.gnu-tools-for-stm32.9-2020-q2-update.win32_2.0.0.202105311346/tools/bin/../lib/gcc/arm-none-eabi/9.3.1/thumb/v6-m/nofp/crtbegin.o
                [!provide]                        PROVIDE (__fini_array_end = .)
                0x0000000008003bf8                . = ALIGN (0x4)
                0x0000000008003bf8                _sidata = LOADADDR (.data)

.data           0x0000000020000000        0xc load address 0x0000000008003bf8
                0x0000000020000000                . = ALIGN (0x4)
                0x0000000020000000                _sdata = .
 *(.data)
 *(.data*)
 .data.SystemCoreClock
                0x0000000020000000        0x4 ./Core/Src/system_stm32f0xx.o
                0x0000000020000000                SystemCoreClock
 .data.uwTickPrio
                0x0000000020000004        0x4 ./Drivers/STM32F0xx_HAL_Driver/Src/stm32f0xx_hal.o
                0x0000000020000004                uwTickPrio
 .data.uwTickFreq
                0x0000000020000008        0x1 ./Drivers/STM32F0xx_HAL_Driver/Src/stm32f0xx_hal.o
                0x0000000020000008                uwTickFreq
 *(.RamFunc)
 *(.RamFunc*)
                0x000000002000000c                . = ALIGN (0x4)
 *fill*         0x0000000020000009        0x3 
                0x000000002000000c                _edata = .

.igot.plt       0x000000002000000c        0x0 load address 0x0000000008003c04
 .igot.plt      0x000000002000000c        0x0 c:/st/stm32cubeide_1.8.0/stm32cubeide/plugins/com.st.stm32cube.ide.mcu.externaltools.gnu-tools-for-stm32.9-2020-q2-update.win32_2.0.0.202105311346/tools/bin/../lib/gcc/arm-none-eabi/9.3.1/thumb/v6-m/nofp/crtbegin.o
                0x000000002000000c                . = ALIGN (0x4)

.bss            0x000000002000000c      0x1a8 load address 0x0000000008003c04
                0x000000002000000c                _sbss = .
                0x000000002000000c                __bss_start__ = _sbss
 *(.bss)
 .bss           0x000000002000000c       0x1c c:/st/stm32cubeide_1.8.0/stm32cubeide/plugins/com.st.stm32cube.ide.mcu.externaltools.gnu-tools-for-stm32.9-2020-q2-update.win32_2.0.0.202105311346/tools/bin/../lib/gcc/arm-none-eabi/9.3.1/thumb/v6-m/nofp/crtbegin.o
 *(.bss*)
 *(COMMON)
 COMMON         0x0000000020000028      0x188 ./Core/Src/main.o
                0x0000000020000028                condition
                0x0000000020000054                htim3
                0x000000002000009c                huart1
                0x0000000020000120                htim1
                0x0000000020000168                htim16
 COMMON         0x00000000200001b0        0x4 ./Drivers/STM32F0xx_HAL_Driver/Src/stm32f0xx_hal.o
                0x00000000200001b0                uwTick
                0x00000000200001b4                . = ALIGN (0x4)
                0x00000000200001b4                _ebss = .
                0x00000000200001b4                __bss_end__ = _ebss

._user_heap_stack
                0x00000000200001b4      0x604 load address 0x0000000008003c04
                0x00000000200001b8                . = ALIGN (0x8)
 *fill*         0x00000000200001b4        0x4 
                [!provide]                        PROVIDE (end = .)
                0x00000000200001b8                PROVIDE (_end = .)
                0x00000000200003b8                . = (. + _Min_Heap_Size)
 *fill*         0x00000000200001b8      0x200 
                0x00000000200007b8                . = (. + _Min_Stack_Size)
 *fill*         0x00000000200003b8      0x400 
                0x00000000200007b8                . = ALIGN (0x8)

/DISCARD/
 libc.a(*)
 libm.a(*)
 libgcc.a(*)

.ARM.attributes
                0x0000000000000000       0x28
 *(.ARM.attributes)
 .ARM.attributes
                0x0000000000000000       0x1e c:/st/stm32cubeide_1.8.0/stm32cubeide/plugins/com.st.stm32cube.ide.mcu.externaltools.gnu-tools-for-stm32.9-2020-q2-update.win32_2.0.0.202105311346/tools/bin/../lib/gcc/arm-none-eabi/9.3.1/thumb/v6-m/nofp/crti.o
 .ARM.attributes
                0x000000000000001e       0x2c c:/st/stm32cubeide_1.8.0/stm32cubeide/plugins/com.st.stm32cube.ide.mcu.externaltools.gnu-tools-for-stm32.9-2020-q2-update.win32_2.0.0.202105311346/tools/bin/../lib/gcc/arm-none-eabi/9.3.1/thumb/v6-m/nofp/crtbegin.o
 .ARM.attributes
                0x000000000000004a       0x2c ./Core/Src/main.o
 .ARM.attributes
                0x0000000000000076       0x2c ./Core/Src/stm32f0xx_hal_msp.o
 .ARM.attributes
                0x00000000000000a2       0x2c ./Core/Src/stm32f0xx_it.o
 .ARM.attributes
                0x00000000000000ce       0x2c ./Core/Src/system_stm32f0xx.o
 .ARM.attributes
                0x00000000000000fa       0x21 ./Core/Startup/startup_stm32f030k6tx.o
 .ARM.attributes
                0x000000000000011b       0x2c ./Drivers/STM32F0xx_HAL_Driver/Src/stm32f0xx_hal.o
 .ARM.attributes
                0x0000000000000147       0x2c ./Drivers/STM32F0xx_HAL_Driver/Src/stm32f0xx_hal_cortex.o
 .ARM.attributes
                0x0000000000000173       0x2c ./Drivers/STM32F0xx_HAL_Driver/Src/stm32f0xx_hal_gpio.o
 .ARM.attributes
                0x000000000000019f       0x2c ./Drivers/STM32F0xx_HAL_Driver/Src/stm32f0xx_hal_rcc.o
 .ARM.attributes
                0x00000000000001cb       0x2c ./Drivers/STM32F0xx_HAL_Driver/Src/stm32f0xx_hal_rcc_ex.o
 .ARM.attributes
                0x00000000000001f7       0x2c ./Drivers/STM32F0xx_HAL_Driver/Src/stm32f0xx_hal_tim.o
 .ARM.attributes
                0x0000000000000223       0x2c ./Drivers/STM32F0xx_HAL_Driver/Src/stm32f0xx_hal_tim_ex.o
 .ARM.attributes
                0x000000000000024f       0x2c ./Drivers/STM32F0xx_HAL_Driver/Src/stm32f0xx_hal_uart.o
 .ARM.attributes
                0x000000000000027b       0x2c c:/st/stm32cubeide_1.8.0/stm32cubeide/plugins/com.st.stm32cube.ide.mcu.externaltools.gnu-tools-for-stm32.9-2020-q2-update.win32_2.0.0.202105311346/tools/bin/../lib/gcc/arm-none-eabi/9.3.1/../../../../arm-none-eabi/lib/thumb/v6-m/nofp\libc_nano.a(lib_a-init.o)
 .ARM.attributes
                0x00000000000002a7       0x2c c:/st/stm32cubeide_1.8.0/stm32cubeide/plugins/com.st.stm32cube.ide.mcu.externaltools.gnu-tools-for-stm32.9-2020-q2-update.win32_2.0.0.202105311346/tools/bin/../lib/gcc/arm-none-eabi/9.3.1/../../../../arm-none-eabi/lib/thumb/v6-m/nofp\libc_nano.a(lib_a-memset.o)
 .ARM.attributes
                0x00000000000002d3       0x1c c:/st/stm32cubeide_1.8.0/stm32cubeide/plugins/com.st.stm32cube.ide.mcu.externaltools.gnu-tools-for-stm32.9-2020-q2-update.win32_2.0.0.202105311346/tools/bin/../lib/gcc/arm-none-eabi/9.3.1/../../../../arm-none-eabi/lib/thumb/v6-m/nofp\libc_nano.a(lib_a-strlen.o)
 .ARM.attributes
                0x00000000000002ef       0x1e c:/st/stm32cubeide_1.8.0/stm32cubeide/plugins/com.st.stm32cube.ide.mcu.externaltools.gnu-tools-for-stm32.9-2020-q2-update.win32_2.0.0.202105311346/tools/bin/../lib/gcc/arm-none-eabi/9.3.1/thumb/v6-m/nofp\libgcc.a(_udivsi3.o)
 .ARM.attributes
                0x000000000000030d       0x1e c:/st/stm32cubeide_1.8.0/stm32cubeide/plugins/com.st.stm32cube.ide.mcu.externaltools.gnu-tools-for-stm32.9-2020-q2-update.win32_2.0.0.202105311346/tools/bin/../lib/gcc/arm-none-eabi/9.3.1/thumb/v6-m/nofp\libgcc.a(_dvmd_tls.o)
 .ARM.attributes
                0x000000000000032b       0x1e c:/st/stm32cubeide_1.8.0/stm32cubeide/plugins/com.st.stm32cube.ide.mcu.externaltools.gnu-tools-for-stm32.9-2020-q2-update.win32_2.0.0.202105311346/tools/bin/../lib/gcc/arm-none-eabi/9.3.1/thumb/v6-m/nofp/crtn.o
OUTPUT(final_course_work.elf elf32-littlearm)
LOAD linker stubs
LOAD c:/st/stm32cubeide_1.8.0/stm32cubeide/plugins/com.st.stm32cube.ide.mcu.externaltools.gnu-tools-for-stm32.9-2020-q2-update.win32_2.0.0.202105311346/tools/bin/../lib/gcc/arm-none-eabi/9.3.1/../../../../arm-none-eabi/lib/thumb/v6-m/nofp\libc.a
LOAD c:/st/stm32cubeide_1.8.0/stm32cubeide/plugins/com.st.stm32cube.ide.mcu.externaltools.gnu-tools-for-stm32.9-2020-q2-update.win32_2.0.0.202105311346/tools/bin/../lib/gcc/arm-none-eabi/9.3.1/../../../../arm-none-eabi/lib/thumb/v6-m/nofp\libm.a
LOAD c:/st/stm32cubeide_1.8.0/stm32cubeide/plugins/com.st.stm32cube.ide.mcu.externaltools.gnu-tools-for-stm32.9-2020-q2-update.win32_2.0.0.202105311346/tools/bin/../lib/gcc/arm-none-eabi/9.3.1/thumb/v6-m/nofp\libgcc.a

.debug_info     0x0000000000000000     0xd340
 .debug_info    0x0000000000000000     0x1c1a ./Core/Src/main.o
 .debug_info    0x0000000000001c1a      0xea5 ./Core/Src/stm32f0xx_hal_msp.o
 .debug_info    0x0000000000002abf      0x75e ./Core/Src/stm32f0xx_it.o
 .debug_info    0x000000000000321d      0x2c3 ./Core/Src/system_stm32f0xx.o
 .debug_info    0x00000000000034e0       0x22 ./Core/Startup/startup_stm32f030k6tx.o
 .debug_info    0x0000000000003502      0x6be ./Drivers/STM32F0xx_HAL_Driver/Src/stm32f0xx_hal.o
 .debug_info    0x0000000000003bc0      0x7a0 ./Drivers/STM32F0xx_HAL_Driver/Src/stm32f0xx_hal_cortex.o
 .debug_info    0x0000000000004360      0x6d3 ./Drivers/STM32F0xx_HAL_Driver/Src/stm32f0xx_hal_gpio.o
 .debug_info    0x0000000000004a33      0x88d ./Drivers/STM32F0xx_HAL_Driver/Src/stm32f0xx_hal_rcc.o
 .debug_info    0x00000000000052c0      0x401 ./Drivers/STM32F0xx_HAL_Driver/Src/stm32f0xx_hal_rcc_ex.o
 .debug_info    0x00000000000056c1     0x2ba9 ./Drivers/STM32F0xx_HAL_Driver/Src/stm32f0xx_hal_tim.o
 .debug_info    0x000000000000826a     0x1529 ./Drivers/STM32F0xx_HAL_Driver/Src/stm32f0xx_hal_tim_ex.o
 .debug_info    0x0000000000009793     0x3bad ./Drivers/STM32F0xx_HAL_Driver/Src/stm32f0xx_hal_uart.o

.debug_abbrev   0x0000000000000000     0x1a4b
 .debug_abbrev  0x0000000000000000      0x353 ./Core/Src/main.o
 .debug_abbrev  0x0000000000000353      0x1f5 ./Core/Src/stm32f0xx_hal_msp.o
 .debug_abbrev  0x0000000000000548      0x187 ./Core/Src/stm32f0xx_it.o
 .debug_abbrev  0x00000000000006cf      0x145 ./Core/Src/system_stm32f0xx.o
 .debug_abbrev  0x0000000000000814       0x12 ./Core/Startup/startup_stm32f030k6tx.o
 .debug_abbrev  0x0000000000000826      0x21e ./Drivers/STM32F0xx_HAL_Driver/Src/stm32f0xx_hal.o
 .debug_abbrev  0x0000000000000a44      0x2a9 ./Drivers/STM32F0xx_HAL_Driver/Src/stm32f0xx_hal_cortex.o
 .debug_abbrev  0x0000000000000ced      0x1e8 ./Drivers/STM32F0xx_HAL_Driver/Src/stm32f0xx_hal_gpio.o
 .debug_abbrev  0x0000000000000ed5      0x23b ./Drivers/STM32F0xx_HAL_Driver/Src/stm32f0xx_hal_rcc.o
 .debug_abbrev  0x0000000000001110      0x193 ./Drivers/STM32F0xx_HAL_Driver/Src/stm32f0xx_hal_rcc_ex.o
 .debug_abbrev  0x00000000000012a3      0x26f ./Drivers/STM32F0xx_HAL_Driver/Src/stm32f0xx_hal_tim.o
 .debug_abbrev  0x0000000000001512      0x277 ./Drivers/STM32F0xx_HAL_Driver/Src/stm32f0xx_hal_tim_ex.o
 .debug_abbrev  0x0000000000001789      0x2c2 ./Drivers/STM32F0xx_HAL_Driver/Src/stm32f0xx_hal_uart.o

.debug_aranges  0x0000000000000000      0xb60
 .debug_aranges
                0x0000000000000000       0x90 ./Core/Src/main.o
 .debug_aranges
                0x0000000000000090       0x48 ./Core/Src/stm32f0xx_hal_msp.o
 .debug_aranges
                0x00000000000000d8       0x50 ./Core/Src/stm32f0xx_it.o
 .debug_aranges
                0x0000000000000128       0x28 ./Core/Src/system_stm32f0xx.o
 .debug_aranges
                0x0000000000000150       0x28 ./Core/Startup/startup_stm32f030k6tx.o
 .debug_aranges
                0x0000000000000178       0xd0 ./Drivers/STM32F0xx_HAL_Driver/Src/stm32f0xx_hal.o
 .debug_aranges
                0x0000000000000248       0xc0 ./Drivers/STM32F0xx_HAL_Driver/Src/stm32f0xx_hal_cortex.o
 .debug_aranges
                0x0000000000000308       0x58 ./Drivers/STM32F0xx_HAL_Driver/Src/stm32f0xx_hal_gpio.o
 .debug_aranges
                0x0000000000000360       0x80 ./Drivers/STM32F0xx_HAL_Driver/Src/stm32f0xx_hal_rcc.o
 .debug_aranges
                0x00000000000003e0       0x30 ./Drivers/STM32F0xx_HAL_Driver/Src/stm32f0xx_hal_rcc_ex.o
 .debug_aranges
                0x0000000000000410      0x3d0 ./Drivers/STM32F0xx_HAL_Driver/Src/stm32f0xx_hal_tim.o
 .debug_aranges
                0x00000000000007e0      0x168 ./Drivers/STM32F0xx_HAL_Driver/Src/stm32f0xx_hal_tim_ex.o
 .debug_aranges
                0x0000000000000948      0x218 ./Drivers/STM32F0xx_HAL_Driver/Src/stm32f0xx_hal_uart.o

.debug_ranges   0x0000000000000000      0xac8
 .debug_ranges  0x0000000000000000       0x80 ./Core/Src/main.o
 .debug_ranges  0x0000000000000080       0x38 ./Core/Src/stm32f0xx_hal_msp.o
 .debug_ranges  0x00000000000000b8       0x40 ./Core/Src/stm32f0xx_it.o
 .debug_ranges  0x00000000000000f8       0x18 ./Core/Src/system_stm32f0xx.o
 .debug_ranges  0x0000000000000110       0x20 ./Core/Startup/startup_stm32f030k6tx.o
 .debug_ranges  0x0000000000000130       0xc0 ./Drivers/STM32F0xx_HAL_Driver/Src/stm32f0xx_hal.o
 .debug_ranges  0x00000000000001f0       0xb0 ./Drivers/STM32F0xx_HAL_Driver/Src/stm32f0xx_hal_cortex.o
 .debug_ranges  0x00000000000002a0       0x48 ./Drivers/STM32F0xx_HAL_Driver/Src/stm32f0xx_hal_gpio.o
 .debug_ranges  0x00000000000002e8       0x70 ./Drivers/STM32F0xx_HAL_Driver/Src/stm32f0xx_hal_rcc.o
 .debug_ranges  0x0000000000000358       0x20 ./Drivers/STM32F0xx_HAL_Driver/Src/stm32f0xx_hal_rcc_ex.o
 .debug_ranges  0x0000000000000378      0x3c0 ./Drivers/STM32F0xx_HAL_Driver/Src/stm32f0xx_hal_tim.o
 .debug_ranges  0x0000000000000738      0x158 ./Drivers/STM32F0xx_HAL_Driver/Src/stm32f0xx_hal_tim_ex.o
 .debug_ranges  0x0000000000000890      0x238 ./Drivers/STM32F0xx_HAL_Driver/Src/stm32f0xx_hal_uart.o

.debug_macro    0x0000000000000000    0x10275
 .debug_macro   0x0000000000000000      0x399 ./Core/Src/main.o
 .debug_macro   0x0000000000000399      0xa7e ./Core/Src/main.o
 .debug_macro   0x0000000000000e17      0x133 ./Core/Src/main.o
 .debug_macro   0x0000000000000f4a       0x2e ./Core/Src/main.o
 .debug_macro   0x0000000000000f78       0x22 ./Core/Src/main.o
 .debug_macro   0x0000000000000f9a       0x22 ./Core/Src/main.o
 .debug_macro   0x0000000000000fbc       0x8e ./Core/Src/main.o
 .debug_macro   0x000000000000104a       0x51 ./Core/Src/main.o
 .debug_macro   0x000000000000109b      0x103 ./Core/Src/main.o
 .debug_macro   0x000000000000119e       0x6a ./Core/Src/main.o
 .debug_macro   0x0000000000001208      0x1df ./Core/Src/main.o
 .debug_macro   0x00000000000013e7       0x1c ./Core/Src/main.o
 .debug_macro   0x0000000000001403       0x22 ./Core/Src/main.o
 .debug_macro   0x0000000000001425       0xb5 ./Core/Src/main.o
 .debug_macro   0x00000000000014da      0x391 ./Core/Src/main.o
 .debug_macro   0x000000000000186b     0x6e67 ./Core/Src/main.o
 .debug_macro   0x00000000000086d2       0x66 ./Core/Src/main.o
 .debug_macro   0x0000000000008738     0x34a6 ./Core/Src/main.o
 .debug_macro   0x000000000000bbde      0x174 ./Core/Src/main.o
 .debug_macro   0x000000000000bd52       0x55 ./Core/Src/main.o
 .debug_macro   0x000000000000bda7      0x924 ./Core/Src/main.o
 .debug_macro   0x000000000000c6cb       0xe5 ./Core/Src/main.o
 .debug_macro   0x000000000000c7b0      0x1af ./Core/Src/main.o
 .debug_macro   0x000000000000c95f       0xb3 ./Core/Src/main.o
 .debug_macro   0x000000000000ca12      0x1a0 ./Core/Src/main.o
 .debug_macro   0x000000000000cbb2      0x1ed ./Core/Src/main.o
 .debug_macro   0x000000000000cd9f       0x34 ./Core/Src/main.o
 .debug_macro   0x000000000000cdd3       0x43 ./Core/Src/main.o
 .debug_macro   0x000000000000ce16       0x28 ./Core/Src/main.o
 .debug_macro   0x000000000000ce3e       0xb0 ./Core/Src/main.o
 .debug_macro   0x000000000000ceee      0x15a ./Core/Src/main.o
 .debug_macro   0x000000000000d048      0x22c ./Core/Src/main.o
 .debug_macro   0x000000000000d274       0x61 ./Core/Src/main.o
 .debug_macro   0x000000000000d2d5       0xa5 ./Core/Src/main.o
 .debug_macro   0x000000000000d37a       0x4c ./Core/Src/main.o
 .debug_macro   0x000000000000d3c6       0x2b ./Core/Src/main.o
 .debug_macro   0x000000000000d3f1      0x8d8 ./Core/Src/main.o
 .debug_macro   0x000000000000dcc9       0x28 ./Core/Src/main.o
 .debug_macro   0x000000000000dcf1      0x55f ./Core/Src/main.o
 .debug_macro   0x000000000000e250       0x3e ./Core/Src/main.o
 .debug_macro   0x000000000000e28e       0xf1 ./Core/Src/main.o
 .debug_macro   0x000000000000e37f       0x10 ./Core/Src/main.o
 .debug_macro   0x000000000000e38f       0x52 ./Core/Src/main.o
 .debug_macro   0x000000000000e3e1       0x18 ./Core/Src/main.o
 .debug_macro   0x000000000000e3f9       0x3c ./Core/Src/main.o
 .debug_macro   0x000000000000e435       0x34 ./Core/Src/main.o
 .debug_macro   0x000000000000e469       0x16 ./Core/Src/main.o
 .debug_macro   0x000000000000e47f       0x35 ./Core/Src/main.o
 .debug_macro   0x000000000000e4b4      0x333 ./Core/Src/main.o
 .debug_macro   0x000000000000e7e7       0x10 ./Core/Src/main.o
 .debug_macro   0x000000000000e7f7       0x16 ./Core/Src/main.o
 .debug_macro   0x000000000000e80d       0x43 ./Core/Src/main.o
 .debug_macro   0x000000000000e850       0x34 ./Core/Src/main.o
 .debug_macro   0x000000000000e884       0x10 ./Core/Src/main.o
 .debug_macro   0x000000000000e894       0x58 ./Core/Src/main.o
 .debug_macro   0x000000000000e8ec       0x71 ./Core/Src/main.o
 .debug_macro   0x000000000000e95d       0x1c ./Core/Src/main.o
 .debug_macro   0x000000000000e979      0x12a ./Core/Src/main.o
 .debug_macro   0x000000000000eaa3       0x10 ./Core/Src/main.o
 .debug_macro   0x000000000000eab3       0x1c ./Core/Src/main.o
 .debug_macro   0x000000000000eacf       0x52 ./Core/Src/main.o
 .debug_macro   0x000000000000eb21       0x22 ./Core/Src/main.o
 .debug_macro   0x000000000000eb43       0x10 ./Core/Src/main.o
 .debug_macro   0x000000000000eb53       0x40 ./Core/Src/main.o
 .debug_macro   0x000000000000eb93       0xd5 ./Core/Src/main.o
 .debug_macro   0x000000000000ec68       0x1c ./Core/Src/main.o
 .debug_macro   0x000000000000ec84       0x3d ./Core/Src/main.o
 .debug_macro   0x000000000000ecc1       0x16 ./Core/Src/main.o
 .debug_macro   0x000000000000ecd7      0x145 ./Core/Src/main.o
 .debug_macro   0x000000000000ee1c       0x16 ./Core/Src/main.o
 .debug_macro   0x000000000000ee32       0x20 ./Core/Src/main.o
 .debug_macro   0x000000000000ee52       0x16 ./Core/Src/main.o
 .debug_macro   0x000000000000ee68       0x16 ./Core/Src/main.o
 .debug_macro   0x000000000000ee7e       0x29 ./Core/Src/main.o
 .debug_macro   0x000000000000eea7      0x1d0 ./Core/Src/stm32f0xx_hal_msp.o
 .debug_macro   0x000000000000f077      0x1da ./Core/Src/stm32f0xx_it.o
 .debug_macro   0x000000000000f251      0x1c1 ./Core/Src/system_stm32f0xx.o
 .debug_macro   0x000000000000f412      0x1e5 ./Drivers/STM32F0xx_HAL_Driver/Src/stm32f0xx_hal.o
 .debug_macro   0x000000000000f5f7      0x1c1 ./Drivers/STM32F0xx_HAL_Driver/Src/stm32f0xx_hal_cortex.o
 .debug_macro   0x000000000000f7b8      0x1c8 ./Drivers/STM32F0xx_HAL_Driver/Src/stm32f0xx_hal_gpio.o
 .debug_macro   0x000000000000f980      0x1d3 ./Drivers/STM32F0xx_HAL_Driver/Src/stm32f0xx_hal_rcc.o
 .debug_macro   0x000000000000fb53      0x1c1 ./Drivers/STM32F0xx_HAL_Driver/Src/stm32f0xx_hal_rcc_ex.o
 .debug_macro   0x000000000000fd14      0x1c2 ./Drivers/STM32F0xx_HAL_Driver/Src/stm32f0xx_hal_tim.o
 .debug_macro   0x000000000000fed6      0x1c1 ./Drivers/STM32F0xx_HAL_Driver/Src/stm32f0xx_hal_tim_ex.o
 .debug_macro   0x0000000000010097      0x1de ./Drivers/STM32F0xx_HAL_Driver/Src/stm32f0xx_hal_uart.o

.debug_line     0x0000000000000000     0xd256
 .debug_line    0x0000000000000000      0xd4c ./Core/Src/main.o
 .debug_line    0x0000000000000d4c      0x7f2 ./Core/Src/stm32f0xx_hal_msp.o
 .debug_line    0x000000000000153e      0x777 ./Core/Src/stm32f0xx_it.o
 .debug_line    0x0000000000001cb5      0x752 ./Core/Src/system_stm32f0xx.o
 .debug_line    0x0000000000002407       0x89 ./Core/Startup/startup_stm32f030k6tx.o
 .debug_line    0x0000000000002490      0x95d ./Drivers/STM32F0xx_HAL_Driver/Src/stm32f0xx_hal.o
 .debug_line    0x0000000000002ded      0xa09 ./Drivers/STM32F0xx_HAL_Driver/Src/stm32f0xx_hal_cortex.o
 .debug_line    0x00000000000037f6      0xada ./Drivers/STM32F0xx_HAL_Driver/Src/stm32f0xx_hal_gpio.o
 .debug_line    0x00000000000042d0      0xd49 ./Drivers/STM32F0xx_HAL_Driver/Src/stm32f0xx_hal_rcc.o
 .debug_line    0x0000000000005019      0x8bc ./Drivers/STM32F0xx_HAL_Driver/Src/stm32f0xx_hal_rcc_ex.o
 .debug_line    0x00000000000058d5     0x3573 ./Drivers/STM32F0xx_HAL_Driver/Src/stm32f0xx_hal_tim.o
 .debug_line    0x0000000000008e48     0x1884 ./Drivers/STM32F0xx_HAL_Driver/Src/stm32f0xx_hal_tim_ex.o
 .debug_line    0x000000000000a6cc     0x2b8a ./Drivers/STM32F0xx_HAL_Driver/Src/stm32f0xx_hal_uart.o

.debug_str      0x0000000000000000    0x63f2d
 .debug_str     0x0000000000000000    0x6193d ./Core/Src/main.o
                                      0x61d44 (size before relaxing)
 .debug_str     0x000000000006193d      0x19c ./Core/Src/stm32f0xx_hal_msp.o
                                      0x5d7ab (size before relaxing)
 .debug_str     0x0000000000061ad9       0x99 ./Core/Src/stm32f0xx_it.o
                                      0x5d374 (size before relaxing)
 .debug_str     0x0000000000061b72       0x5f ./Core/Src/system_stm32f0xx.o
                                      0x5ce9c (size before relaxing)
 .debug_str     0x0000000000061bd1       0x36 ./Core/Startup/startup_stm32f030k6tx.o
                                         0x5f (size before relaxing)
 .debug_str     0x0000000000061c07      0x317 ./Drivers/STM32F0xx_HAL_Driver/Src/stm32f0xx_hal.o
                                      0x5d373 (size before relaxing)
 .debug_str     0x0000000000061f1e      0x1f0 ./Drivers/STM32F0xx_HAL_Driver/Src/stm32f0xx_hal_cortex.o
                                      0x5d227 (size before relaxing)
 .debug_str     0x000000000006210e      0x151 ./Drivers/STM32F0xx_HAL_Driver/Src/stm32f0xx_hal_gpio.o
                                      0x5d07b (size before relaxing)
 .debug_str     0x000000000006225f      0x240 ./Drivers/STM32F0xx_HAL_Driver/Src/stm32f0xx_hal_rcc.o
                                      0x5d2a6 (size before relaxing)
 .debug_str     0x000000000006249f       0xb1 ./Drivers/STM32F0xx_HAL_Driver/Src/stm32f0xx_hal_rcc_ex.o
                                      0x5cfd8 (size before relaxing)
 .debug_str     0x0000000000062550      0xd39 ./Drivers/STM32F0xx_HAL_Driver/Src/stm32f0xx_hal_tim.o
                                      0x5e257 (size before relaxing)
 .debug_str     0x0000000000063289      0x45a ./Drivers/STM32F0xx_HAL_Driver/Src/stm32f0xx_hal_tim_ex.o
                                      0x5da08 (size before relaxing)
 .debug_str     0x00000000000636e3      0x84a ./Drivers/STM32F0xx_HAL_Driver/Src/stm32f0xx_hal_uart.o
                                      0x5db3f (size before relaxing)

.comment        0x0000000000000000       0x53
 .comment       0x0000000000000000       0x53 ./Core/Src/main.o
                                         0x54 (size before relaxing)
 .comment       0x0000000000000053       0x54 ./Core/Src/stm32f0xx_hal_msp.o
 .comment       0x0000000000000053       0x54 ./Core/Src/stm32f0xx_it.o
 .comment       0x0000000000000053       0x54 ./Core/Src/system_stm32f0xx.o
 .comment       0x0000000000000053       0x54 ./Drivers/STM32F0xx_HAL_Driver/Src/stm32f0xx_hal.o
 .comment       0x0000000000000053       0x54 ./Drivers/STM32F0xx_HAL_Driver/Src/stm32f0xx_hal_cortex.o
 .comment       0x0000000000000053       0x54 ./Drivers/STM32F0xx_HAL_Driver/Src/stm32f0xx_hal_gpio.o
 .comment       0x0000000000000053       0x54 ./Drivers/STM32F0xx_HAL_Driver/Src/stm32f0xx_hal_rcc.o
 .comment       0x0000000000000053       0x54 ./Drivers/STM32F0xx_HAL_Driver/Src/stm32f0xx_hal_rcc_ex.o
 .comment       0x0000000000000053       0x54 ./Drivers/STM32F0xx_HAL_Driver/Src/stm32f0xx_hal_tim.o
 .comment       0x0000000000000053       0x54 ./Drivers/STM32F0xx_HAL_Driver/Src/stm32f0xx_hal_tim_ex.o
 .comment       0x0000000000000053       0x54 ./Drivers/STM32F0xx_HAL_Driver/Src/stm32f0xx_hal_uart.o

.debug_frame    0x0000000000000000     0x2904
 .debug_frame   0x0000000000000000      0x1dc ./Core/Src/main.o
 .debug_frame   0x00000000000001dc       0xd0 ./Core/Src/stm32f0xx_hal_msp.o
 .debug_frame   0x00000000000002ac       0xd4 ./Core/Src/stm32f0xx_it.o
 .debug_frame   0x0000000000000380       0x4c ./Core/Src/system_stm32f0xx.o
 .debug_frame   0x00000000000003cc      0x2a4 ./Drivers/STM32F0xx_HAL_Driver/Src/stm32f0xx_hal.o
 .debug_frame   0x0000000000000670      0x2a0 ./Drivers/STM32F0xx_HAL_Driver/Src/stm32f0xx_hal_cortex.o
 .debug_frame   0x0000000000000910      0x110 ./Drivers/STM32F0xx_HAL_Driver/Src/stm32f0xx_hal_gpio.o
 .debug_frame   0x0000000000000a20      0x198 ./Drivers/STM32F0xx_HAL_Driver/Src/stm32f0xx_hal_rcc.o
 .debug_frame   0x0000000000000bb8       0x70 ./Drivers/STM32F0xx_HAL_Driver/Src/stm32f0xx_hal_rcc_ex.o
 .debug_frame   0x0000000000000c28      0xf00 ./Drivers/STM32F0xx_HAL_Driver/Src/stm32f0xx_hal_tim.o
 .debug_frame   0x0000000000001b28      0x560 ./Drivers/STM32F0xx_HAL_Driver/Src/stm32f0xx_hal_tim_ex.o
 .debug_frame   0x0000000000002088      0x810 ./Drivers/STM32F0xx_HAL_Driver/Src/stm32f0xx_hal_uart.o
 .debug_frame   0x0000000000002898       0x2c c:/st/stm32cubeide_1.8.0/stm32cubeide/plugins/com.st.stm32cube.ide.mcu.externaltools.gnu-tools-for-stm32.9-2020-q2-update.win32_2.0.0.202105311346/tools/bin/../lib/gcc/arm-none-eabi/9.3.1/../../../../arm-none-eabi/lib/thumb/v6-m/nofp\libc_nano.a(lib_a-init.o)
 .debug_frame   0x00000000000028c4       0x20 c:/st/stm32cubeide_1.8.0/stm32cubeide/plugins/com.st.stm32cube.ide.mcu.externaltools.gnu-tools-for-stm32.9-2020-q2-update.win32_2.0.0.202105311346/tools/bin/../lib/gcc/arm-none-eabi/9.3.1/../../../../arm-none-eabi/lib/thumb/v6-m/nofp\libc_nano.a(lib_a-memset.o)
 .debug_frame   0x00000000000028e4       0x20 c:/st/stm32cubeide_1.8.0/stm32cubeide/plugins/com.st.stm32cube.ide.mcu.externaltools.gnu-tools-for-stm32.9-2020-q2-update.win32_2.0.0.202105311346/tools/bin/../lib/gcc/arm-none-eabi/9.3.1/thumb/v6-m/nofp\libgcc.a(_udivsi3.o)
