main.c:73:6:output	16	static
main.c:79:6:delay	16	static
main.c:97:6:send_value_PWM	24	static
main.c:113:6:togglepin	16	static
main.c:159:6:connect	24	static
main.c:215:6:HAL_TIM_IC_CaptureCallback	32	static
main.c:261:6:HAL_TIM_PeriodElapsedCallback	16	static
main.c:304:6:read_pwm_information	16	static
main.c:313:6:rises_to_char	32	static
main.c:335:5:main	2208	static
main.c:496:6:SystemClock_Config	88	static
main.c:527:13:MX_TIM1_Init	96	static
main.c:598:13:MX_TIM2_Init	32	static
main.c:640:13:MX_TIM3_Init	48	static
main.c:698:13:MX_USART2_UART_Init	8	static
main.c:731:13:MX_GPIO_Init	16	static
main.c:746:6:Error_Handler	8	static,ignoring_inline_asm
