main.c:73:6:output	16	static
main.c:79:6:delay	16	static
main.c:97:6:send_value_pwm	24	static
main.c:116:6:togglepin	16	static
main.c:162:6:connect	24	static
main.c:218:6:HAL_TIM_IC_CaptureCallback	32	static
main.c:266:6:HAL_TIM_PeriodElapsedCallback	16	static
main.c:309:6:read_pwm_information	16	static
main.c:318:6:rises_to_char	32	static
main.c:340:5:main	352	static
main.c:501:6:SystemClock_Config	88	static
main.c:532:13:MX_TIM1_Init	96	static
main.c:603:13:MX_TIM2_Init	32	static
main.c:645:13:MX_TIM3_Init	48	static
main.c:703:13:MX_USART2_UART_Init	8	static
main.c:736:13:MX_GPIO_Init	16	static
main.c:751:6:Error_Handler	8	static,ignoring_inline_asm
